{
  "code" : "5904284420903",
  "source" : "Keyboard"
}