{
  "code" : "5904284420903",
  "company" : "RADZIEMSKA",
  "product_id" : "5078799"
}